# Settings
#-----------------------------

setoption "sound provider" "DirectSound3D Software Emulation"
setoption "sound volume2d" "90"
setoption "sound volume3d" "100"
setoption "sound music" "25"
setoption "sound reverse" "false"
setoption "sound sanctuary" "true"
setoption "sound shuttle" "true"
setoption "sound soi" "true"
setoption "sound soi warning" "true"
setoption "sound soi combat" "true"
setoption "sound temperate" "true"
setoption "sound desert" "true"
setoption "sound arctic" "true"
setoption "sound volcanic" "true"
setoption "sound temperate combat" "true"
setoption "sound desert combat" "true"
setoption "sound arctic combat" "true"
setoption "sound volcanic combat" "true"
setoption "sound victory" "true"
setoption "sound loss" "true"
setoption "sound promotion" "true"
setoption "game always run" "true"
setoption "game head bob" "true"
setoption "game ejected casings" "true"
setoption "game name display type" "0"
setoption "game exclamationhelp" "true"
setoption "game radar auto" "true"
setoption "mouse freelook" "true"
setoption "mouse invert" "false"
setoption "mouse smooth" "false"
setoption "mouse steer" "false"
setoption "mouse reverse pilot" "false"
setoption "mouse sensitivity" "0.998000"
setoption "mouse steeringsensitivity" "0.200000"
setoption "mouse steeringautocenterregion" "0.20000"
setoption "joystick0 reverse pilot" "false"
setoption "joystick0 sensitivity" "1.0"
setoption "joystick1 reverse pilot" "false"
setoption "joystick1 sensitivity" "1.0"
setoption "joystick2 reverse pilot" "false"
setoption "joystick2 sensitivity" "1.0"
setoption "banner scroll speed" "70.000000"
setoption "use mount delay" "false"
setoption "mount delay" "2.000000"
setoption "show latency" "true"
setoption "show stats" "false"
setoption "nice level" "0.000000"
