[Chat]
alignment=2
x=0
y=0
w=384
h=203
minimized=false
hover_opacity=0.7
normal_opacity=0.2
mode=true
Mode0=2 0 0 384 203 88
Mode1=4 0 -36 383 180 113
Logging=false
[ExclamationHelp]
alignment=2
x=-11
y=193
w=241
h=330
minimized=false
hover_opacity=0.7
normal_opacity=0.5
[OutfitListPane]
alignment=4
x=-97
y=-35
w=786
h=344
minimized=false
hover_opacity=0.7
normal_opacity=0.5
[EquipmentTerminal]
alignment=8
x=-96
y=106
w=427
h=409
minimized=false
hover_opacity=0.7
normal_opacity=0.5
[CommanderToolbar]
alignment=4
x=-367
y=0
minimized=false
hover_opacity=0.7
normal_opacity=0.5
mode=false
[ToggleToolbar]
alignment=4
x=-18
y=-4
minimized=false
hover_opacity=0.7
normal_opacity=0.5
mode=false
[OKDialog]
alignment=8
x=-160
y=93
minimized=false
hover_opacity=0.7
normal_opacity=0.5
[CharacterPane]
alignment=6
x=59
y=-91
minimized=false
hover_opacity=0.7
normal_opacity=0.5
[StatisticsPane]
alignment=8
x=-5
y=68
minimized=false
hover_opacity=0.7
normal_opacity=0.5
[SoldierManagement]
alignment=4
x=-2
y=0
minimized=true
hover_opacity=0.7
normal_opacity=0.5
[Radar]
alignment=0
x=11
y=21
w=199
h=250
minimized=false
hover_opacity=0.8
normal_opacity=0.2
distance=200
mode=true
inside_range=200
base_range=200
outside_range=200
[Inventory]
alignment=4
x=-10
y=-58
minimized=false
hover_opacity=0.7
normal_opacity=0.5
[ActiveItems]
alignment=6
x=0
y=0
minimized=false
hover_opacity=0.7
normal_opacity=0.5
bartop=false
vehicleicon=true
[VehicleIcons]
alignment=6
x=0
y=-36
minimized=false
hover_opacity=0.7
normal_opacity=0.5
[RespawnProgress]
alignment=8
x=35
y=-6
minimized=false
hover_opacity=0.7
normal_opacity=0.5
[OutfitPane]
alignment=8
x=-14
y=104
w=606
h=428
minimized=false
hover_opacity=0.7
normal_opacity=0.5
[KeyCard]
alignment=8
x=-101
y=-113
minimized=false
hover_opacity=0.7
normal_opacity=0.5
[SelectServer]
sortcolumn=num
sortorder=1
sorttype=1
[DroppodToolbar]
alignment=2
x=-34
y=197
minimized=false
hover_opacity=0.8
normal_opacity=0.8
[ContainerView]
alignment=8
x=-19
y=44
minimized=false
hover_opacity=0.7
normal_opacity=0.5
[CertificationTerminal]
alignment=4
x=-179
y=-23
minimized=false
hover_opacity=0.7
normal_opacity=0.5
[AcceptSquadInvitation]
alignment=6
x=3
y=-187
minimized=false
hover_opacity=0.7
normal_opacity=0.5
[VehicleTerminal]
alignment=8
x=-54
y=48
minimized=false
hover_opacity=0.7
normal_opacity=0.5
[MainToolbar]
alignment=6
x=270
y=0
minimized=false
hover_opacity=0.7
normal_opacity=0.5
mode=false
[SquadList]
alignment=0
x=0
y=27
minimized=false
hover_opacity=0.7
normal_opacity=0.5
bartop=true
[PlayerPane]
alignment=8
x=3
y=14
w=440
h=370
minimized=false
hover_opacity=0.7
normal_opacity=0.5
[AvatarView]
alignment=6
x=49
y=-242
minimized=false
hover_opacity=0.7
normal_opacity=0.5
[ImplantTerminal]
alignment=8
x=-28
y=90
minimized=false
hover_opacity=0.7
normal_opacity=0.5
[RearmTerminal]
alignment=8
x=44
y=49
w=427
h=409
minimized=false
hover_opacity=0.7
normal_opacity=0.5
[Help]
alignment=2
x=-103
y=157
w=419
h=290
minimized=false
hover_opacity=0.7
normal_opacity=0.5
[Alarm]
alignment=8
x=19
y=26
minimized=false
hover_opacity=0.7
normal_opacity=0.5
minutes=0
hours=2
message=Your session alarm expired
usetime=false
onstartup=false
warning=true
[VideoOptions]
alignment=8
x=102
y=-83
minimized=false
hover_opacity=0.8
normal_opacity=0.5
[OverheadMap]
minimized=false
hover_opacity=0.7
normal_opacity=0.5
v_battleplans=true
v_bldg_warnings=true
v_equipment=true
v_hotspots=true
v_bldg_resources=true
v_soi=true
v_squad=true
v_text=true
v_weather=true
vr_battleplans=true
vr_bldg_warnings=true
vr_equipment=false
vr_hotspots=true
vr_bldg_resources=true
vr_soi=true
vr_squad=true
vr_text=true
vr_weather=true
v_ceiling=true
v_ground=true
v_ziplines=true
vr_ceiling=true
vr_ground=true
vr_ziplines=true
[AcceptPlatoonInvitation]
alignment=6
x=3
y=-287
minimized=false
hover_opacity=0.7
normal_opacity=0.5
[MapViewToolbar]
alignment=4
x=-204
y=0
minimized=false
hover_opacity=0.7
normal_opacity=0.5
mode=false
[CavernFilterToolbar]
alignment=0
x=15
y=68
minimized=false
hover_opacity=0.7
normal_opacity=0.5
mode=false
[FacilityInfo]
alignment=8
x=58
y=-55
minimized=false
hover_opacity=0.7
normal_opacity=0.5
[BugReportPane]
alignment=8
x=0
y=76
minimized=false
hover_opacity=0.7
normal_opacity=0.5
