vanu_core
vanu_core_crp
ancient_door
ancient_door_frame
wall_light
vanu_core_fins
vanu_center_beam
vanu_int_tall_barrier
ground_bldg_c
ground_bldg_c_crp
vanu_vehicle_station
vanu_vehicle_station_crp
ancient_door_lock
vanu_equipment_term
vanu_control_flywheels
vanu_control_console
ancient_garage_door
ancient_garage_frame
vanu_vehicle_term
vanu_vehicle_creation_pad
vanu_air_vehicle_term
vanu_block_vehicle
vanu_block_ramp_simple
ground_bldg_f
ground_bldg_f_crp
vanu_int_barrier
ground_bldg_g
ground_bldg_g_crp
ancient_window_frame
ground_bldg_h
ground_bldg_h_crp
vanu_block
vanu_block_ramp
ground_bldg_a
ground_bldg_a_crp
ground_bldg_e
ground_bldg_e_crp
vanu_wall
vanu_block_ramp_soldier
vanu_tower_light
ceiling_bldg_h
ceiling_bldg_h_crp
ceiling_bldg_b
ceiling_bldg_b_crp
vanu_wall_cave
vanu_wall_vehicle
vanu_wall_corner
vanu_wall_soldier
ceiling_bldg_e
ceiling_bldg_e_crp
ceiling_bldg_d
ceiling_bldg_d_crp
ceiling_bldg_f
ceiling_bldg_f_crp
vanu_cluster_small
ceiling_bldg_a
ceiling_bldg_a_crp
ceiling_bldg_g
ceiling_bldg_g_crp
vanu_wall_ramp
vanu_tower_heavy
vanu_carport
vanu_cluster_palm
vanu_cluster_aframe
vanu_cluster_2way
vanu_cluster_pinwheel
vanu_tanktrap_heavy
vanu_tanktrap_light
vanu_carport_cave
ground_bldg_d
ground_bldg_d_crp
solsar_pillarb
solsar_pillara
vanu_sentry_turret
warpgate_cavern
crystals_vehicle_b
crystals_vehicle_b_crp
crystals_vehicle_a
crystals_vehicle_a_crp
crystals_health_b
crystals_health_b_crp
crystals_health_a
crystals_health_a_crp
crystals_repair_a
crystals_repair_a_crp
crystals_repair_b
crystals_repair_b_crp
vanu_control_point
vanu_control_point_crp
vanu_spawn_room_pad
vanu_spawn_room_mechanism
Solsar_soldierA
Solsar_soldierB
Solsar_soldierC
Solsar_soldierD
tunnelsuspensionbeam
tunnel_dead_end
soldier_cave_in
ground_bldg_b
ground_bldg_b_crp
ceiling_bldg_c
ceiling_bldg_c_crp
ground_bldg_i
ground_bldg_i_crp
vanu_int_barrier_long
vanu_block_ramp_narrow
cavern_lava_bubbling_cluster_a
cavern_lava_bubbling_cluster_b
cavern_lava_flares
cavern_steam_cluster_a
cavern_steam_cluster_b
cavern_steam_cluster_c
cavern_steam_cluster_d
redoubt
redoubt_crp
redoubt_floor
crystals_energy_a
crystals_energy_a_crp
crystals_energy_b
crystals_energy_b_crp
zipline
stationaryteleportpad
