avianadult
beamer_c
bolt_driver_c
chameleon
countermeassure_reaver
countermeasures_ammo_box
cycler_c
energy_gun
flechette_rifle_c
fp_flail_targeting_laser_equip_test
fp_radiatortest
gauss_c
hunterseeker_c
isp_c
lancer_c
lancestest
lancestest2
lasertripmine
lasher_c
lift_line_launch
lift_line_tube
maelstrom_test
op_shuttle_light
opbaselight
opbasemesh
orb_mroom_sign
orb_mroom_sign1
orb_mroom_sign2
orb_mroom_sign3
orb_mroom_sign4
orb_mroom_sign5
orb_mroom_sign6
orb_mroom_sign7
orb_mroom_sign8
orbital_station
osfloorsign_eight
osfloorsign_five
osfloorsign_four
osfloorsign_one
osfloorsign_seven
osfloorsign_six
osfloorsign_three
osfloorsign_two
patch_test
portble_manned_turret
pulsar_c
punisher_c
r_shotgun_c
radiation_bomb
radiationbomb
radiationbomb_ammo_box
recrunch
repeater_c
rocklet_c
siegebeast
suppressor_c
thumper_c
tide_test_in
tide_test_out
wardog_shield_mesh
wardogadult
wardogadult_new
waypoint_test_mesh
aphelion_test
aphelionraj
motionalarmsensor_dest
mine_pack
trmr_banner_flag
tech_team_banner_flag
tech_team_banner_flag_crp
tech_team_banner_flag_small
tech_team_banner_flag_small_crp
vsmr_banner_flag
ncmr_banners_flag
nc_symbol_banner
nc_spawn_door
oa_tr_std
oa_tr_agile
oa_nc_stealth
oa_nc_std
oa_nc_med
oa_nc_agile
shore_out_test
