killdriver ams
killdriver ant
killdriver apc
killgunner apc
killpassenger apc
killdriver aphelion_flight
killdriver aphelion_gunner
killgunner aphelion_gunner
killdriver aurora
killgunner aurora
killpassenger aurora
killdriver battlewagon
killgunner battlewagon
killdriver colossus_flight
killdriver colossus_gunner
killgunner colossus_gunner
killdriver dropship
killgunner dropship
killpassenger dropship
killcargo dropship
killdriver flail
killdriver fury
killdriver galaxy_gunship
killgunner galaxy_gunship
killdriver liberator
killgunner liberator
killbomber liberator
killdriver lightgunship
killdriver lightning
killdriver lodestar
killcargo lodestar
killdriver magrider
killgunner magrider
killdriver mediumtransport
killgunner mediumtransport
killpassenger mediumtransport
killdriver mosquito
killdriver peregrine_flight
killdriver peregrine_gunner
killgunner peregrine_gunner
killdriver phantasm
killpassenger phantasm
killdriver prowler
killgunner prowler
killdriver quadassault
killdriver router
killdriver skyguard
killgunner skyguard
killdriver switchblade
killdriver threemanheavybuggy
killgunner threemanheavybuggy
killdriver thunderer
killgunner thunderer
killpassenger thunderer
killdriver two_man_assault_buggy
killgunner two_man_assault_buggy
killdriver twomanheavybuggy
killgunner twomanheavybuggy
killdriver twomanhoverbuggy
killgunner twomanhoverbuggy
killdriver vanguard
killgunner vanguard
killdriver vulture
killgunner vulture
killbomber vulture
killdriver wasp
