#tod_begin

##artic_cycle

tod_time artic_morn 5am 0.000000
tod_time artic_day 11am 0.000000
tod_time artic_night 6pm 0.000000
tod_end

##desert_cycle

tod_time desert_morn 5am 0.000000
tod_time desert_day 8am 0.000000
tod_time desert_even 6pm 0.000000
tod_time desert_night 9pm 0.000000
tod_end

##halloween

tod_time Halloween_light 5am 0.000000
tod_time Halloween_light 11am 0.000000
tod_time Halloween_light 6pm 0.000000
tod_end

##map01

tod_time sunrise 5am 0.000000
tod_time daylight 7am 0.000000
tod_time daylight 12pm 0.000000
tod_time daylight 4pm 0.000000
tod_time sunset 8pm 0.000000
tod_time moonlight 10pm 0.000000
tod_end

##map02

tod_time artic_morn 5am 0.000000
tod_time artic_day 11am 0.000000
tod_time artic_night 5pm 0.000000
tod_time artic_night 10pm 0.000000
tod_time artic_night 3am 0.000000
tod_end

##map04

tod_time daylight 5am 0.000000
tod_time desert_morn 9am 0.000000
tod_time desert_day 2pm 0.000000
tod_time map04night 6pm 0.000000
tod_time map04night 10pm 0.000000
tod_time map04night 3am 0.000000
tod_end

##map07cycle

tod_time map07day 6am 0.000000
tod_time map07night 8pm 0.000000
tod_time map07night 2am 0.000000
tod_end

##map98

tod_time daylight 5am 0.250000
tod_time daylight 7am 0.500000
tod_time daylight 12pm 1.000000
tod_time daylight 4pm 0.500000
tod_time moonlight 7pm 1.000000
tod_end

##op_cycle

tod_time op_atmosphere 5am 0.0
tod_time op_atmosphere 11am 0.0
tod_time op_atmosphere 3pm 0.0
tod_time op_atmosphere 11pm 0.0
tod_end

##shifter1

tod_time artic_night 5am 0.000000
tod_time artic_night 6am 0.000000
tod_time artic_night 7am 0.000000
tod_end

##shifter1_cycle

tod_time artic_night 5am 0.000000
tod_time artic_night 6am 0.000000
tod_time artic_night 7am 0.000000
tod_end

##ugd01

tod_time ugd_01 5am 0.000000
tod_time ugd_01 11am 0.000000
tod_time ugd_01 6pm 0.000000
tod_end

##ugd02

tod_time ugd_02 5am 0.000000
tod_time ugd_02 11am 0.000000
tod_time ugd_02 6pm 0.000000
tod_end

##ugd03

tod_time ugd_03 5am 0.000000
tod_time ugd_03 11am 0.000000
tod_time ugd_03 6pm 0.000000
tod_end

##ugd04

tod_time ugd_04 5am 0.000000
tod_time ugd_04 11am 0.000000
tod_time ugd_04 6pm 0.000000
tod_end

##ugd05

tod_time ugd_05 5am 0.000000
tod_time ugd_05 11am 0.000000
tod_time ugd_05 6pm 0.000000
tod_end

##ugd06

tod_time ugd_06 5am 0.000000
tod_time ugd_06 11am 0.000000
tod_time ugd_06 6pm 0.000000
tod_end

##ugd07

tod_time ugd_07 5am 0.000000
tod_time ugd_07 11am 0.000000
tod_time ugd_07 6pm 0.000000
tod_end

##ugd08

tod_time ugd_08 5am 0.000000
tod_time ugd_08 11am 0.000000
tod_time ugd_08 6pm 0.000000
tod_end

##ugd09

tod_time ugd_09 5am 0.000000
tod_time ugd_09 11am 0.000000
tod_time ugd_09 6pm 0.000000
tod_end

##ugd10

tod_time ugd_10 5am 0.000000
tod_time ugd_10 11am 0.000000
tod_time ugd_10 6pm 0.000000
tod_end

##ugd11

tod_time ugd_11 5am 0.000000
tod_time ugd_11 11am 0.000000
tod_time ugd_11 6pm 0.000000
tod_end

##ugd12

tod_time ugd_12 5am 0.000000
tod_time ugd_12 11am 0.000000
tod_time ugd_12 6pm 0.000000
tod_end

##ugd13

tod_time ugd_13 5am 0.000000
tod_time ugd_13 11am 0.000000
tod_time ugd_13 6pm 0.000000
tod_end

##ugd14

tod_time ugd_14 5am 0.000000
tod_time ugd_14 11am 0.000000
tod_time ugd_14 6pm 0.000000
tod_end

##ugd15

tod_time ugd_15 5am 0.000000
tod_time ugd_15 11am 0.000000
tod_time ugd_15 6pm 0.000000
tod_end

##ugd16

tod_time ugd_16 5am 0.000000
tod_time ugd_16 11am 0.000000
tod_time ugd_16 6pm 0.000000
tod_end

##ugd17

tod_time ugd_17 5am 0.000000
tod_time ugd_17 11am 0.000000
tod_time ugd_17 6pm 0.000000
tod_end

##ugd18

tod_time ugd_18 5am 0.000000
tod_time ugd_18 11am 0.000000
tod_time ugd_18 6pm 0.000000
tod_end

##ugd19

tod_time ugd_19 5am 0.000000
tod_time ugd_19 11am 0.000000
tod_time ugd_19 6pm 0.000000
tod_end

##ugd20

tod_time ugd_20 5am 0.000000
tod_time ugd_20 11am 0.000000
tod_time ugd_20 6pm 0.000000
tod_end

##underground

tod_time ugd_morn 5am 0.000000
tod_time ugd_day 11am 0.000000
tod_time ugd_night 6pm 0.000000
tod_end

##vr_training

tod_time vr_training 5am 0.0
tod_time vr_training 6am 0.0
tod_time vr_training 7am 0.0
tod_time vr_training 8am 0.0
tod_time vr_training 9am 0.0
tod_time vr_training 10am 0.0
tod_time vr_training 11am 0.0
tod_time vr_training 12pm 0.0
tod_end

##VRshoot_cycle

tod_time VRshootingLight 5am 0.0
tod_time VRshootingLightB 7am 0.0
tod_time VRshootingLight 10am 0.0
tod_time VRshootingLightB 12pm 0.0
tod_time VRshootingLight 2pm 0.0
tod_time VRshootingLightB 5pm 0.0
tod_time VRshootingLight 12am 0.0
tod_time VRshootingLightB 3am 0.0
tod_end
