warpgate
warpgate_crp
comm_station
comm_station_crp
em_frame_t1c_l
em_frame_t1h
em_frame_t1t
em_frame_t1c_r
em_frame_t1t_l
gr_door_int
frame_tunnels
gr_door_ext
lock_small
em_cap
cap_light_glass
capture_core_fx
terminal_control_core
server_cr
capture_terminal
light_siren
frame_internal
commpod7b_b
commpod7b_a
sign_control
barrier_comm_atennae
em_pod
pod_wall_2d
pod_wall_1d_r
pod_post
pod_open
pod_ceiling
banner
ascr_lite
em_tsec
light_t1c
fire_extinguisher
light_tube
em_t1d
stairs_t1d
em_st_wall
stairs_wall
light_cfs
em_spawn
spawn_h_right
spawn_h_middle
spawn_h_left
spawn_tube_pipes
spawn_grates
spawn_pipes2
respawn_tube
spawn_piece_end_right
spawn_piece_end_left
spawn_piece
spawn_pipes
spawn_terminal
order_terminal
locker_cryo
spawn_tube_door
em_gen
light_gr
gen_stairs
gen_power_output
generator
light_gr45
gen_control
gen_cooler
gen_window
gen_battery
gen_rigging
dscpod3_a
em_cfs2
stair_sign_one
stairs_standard
em_css
stair_sign_two
comm_light
em_cfs
stair_sign_three
commpod15_a
sign_barracks
pod_wall_1d_l
commpod14_a
commpod14_b
commpod13_a
sign_stairsup
commpod12_a
commpod12_b
sign_generator
sandbags3
commpod11_a
commpod10_a
commpod9_a
commpod9_b
commpod8_a
commpod7_a
commpod6_a
commpod6_b
sign_spawn
sign_stairsdn
commpod5_b
commpod5_a
commpod4_a
commpod3_a
sign_exit
commpod2_a
commpod1_b
commpod1_a
em_radar
em_csmr
gr_door_main
comm_main_radio_wall
comm_main_bottom_wall
comm_main_rails
comm_main_wall_server
comm_radio_parts
decoder_boxes
comm_main_debug_wall
comm_tower
main_terminal
comm_main_term_right
comm_main_term
medical_terminal
tech_banner_flag
frame_maindoor
em_barracks
br_stairs
br_sink
bed
br_fridge
br_coffee_table
br_end_table
br_dining_table
br_couch_a
game_table_effect
br_game_table
br_entertain
pad_landing
pad_landing_repair
pad_landing_frame
buggypad_sign
resource_silo
vehicle_terminal
dish_platform
comm_stairs
comm_radio_tower
wall_support
wall_parapet
turretbase90
turretbase135
stairs_gate
lock_external
frame_external
mb_pad_creation
cs_comm_dish
manned_turret
repair_silo
comm_station_dsp
comm_station_dsp_crp
em_frame_t1t_r
em_dsp
dropship_vehicle_terminal
dspfrglass
dscpod23_a
dscpod22_a
dscpod21_a
dscpod19_a
dscpod18_a
dscpod17_b
dscpod17_a
dscpod14_b
dscpod14_a
dscpod13_a
dscpod12_a
dscpod11_a
dscpod9_a
dscpod8_a
dscpod7_a
dscpod6_a
dscpod5_a
dscpod3_a
dscpod3_b
dscpod2_a
dscpod1_a
turretbase
dropship_pad_doors
door_dsp
cryo_facility
cryo_facility_crp
gr_door_med
em_cfir
cert_terminal
imp_monitor
imp_sensor_poles
implant_terminal_mech
implant_terminal
cryo_tubes_pipes
cryo_tube_female
cryo_tube_male
cryo_grate3
cryo_grate1
cryo_corner_term
cryo_stairs
cryo_pipes1
cryo_vault_door
cryo_stair_term
cryo_pump
cryo_pipes4
cryo_pipes3
cryo_pipes2
cryo_grate2
cryo_conduit
cryo_tubes
crates3
barrels3
barrels2
em_generic
pallet
barrier_cryo_tube
biopod11_a
biopod7_a
biopod6_a
sign_implant
med_flu_term2
med_flu_term1
med_monitor
med_waste
locker_med
med_cabinet
med_bed
adv_med_terminal
med_cab_items4
med_cab_items3
med_cab_items2
med_cab_items1
em_cfmr
cfmr_floor_term1
cfmr_floor_term2
cfmr_floorpipes
monitor_mainterm
cfmr_regulator
cfmr_glass
cfmr_steps
cfmr_grates
cfmr_term2
cfmr_term1
cfmr_cannister
cryo_vent
cryo_clamp
cryo_casing
tech_plant
tech_plant_crp
em_frame_t1s_b
gr_door_garage_ext
em_frame_t14w
barrier_flight_room
barrier_tech_heatercore
pod_comm_015
pod7tech_barrles
em_st_door
sign_flight
pod6amp_crates
pod4btech_crates
sign_garage
pod1amp_barrels3
pod3tech_pallet
pod6tech_pallet
podroom10crate
tpsrglass
tpsrterminal2
tpsrterminal1
frame_garage
em_tpmr
tpmrwall_server_small
tpmrstairs
tpmrsm_monitor_wall
tpmrmonitor_wall
tpmrmain_terminal_pipes
tpmrglass
tpmrcorner_radiator
tpmrcorner_radiator2t
tpmr_ceiling
em_garage
gr_door_garage_int
tech_garage_structure
tech_garage_grate
tech_nano_controller
garage_terminal
g_barricades
em_tpfr
tpfr_win_in
tpfr_stairs
air_vehicle_terminal
tpfr_glass
tpfr_panel
tpfr_corner
tpfr_vent
tpfr_comp
em_tper
tperglass
tperrails
tperlights
tech_banner_flag_small
console_security
tech_stairs
lock_garage
tp_details
tech_plant_antenna
amp_station
amp_station_crp
barrier_amp_parts
pod_comm_20
podroom8crate
ascri_door_frame
ascri_energy_monitor
ascri_grates
amp_terminal_control_core
ascr_win_frame
em_asmr
amp_monitor_mainterm
amp_power_term
amp_power_monitor
amp_main_stairs
asmr_nrg_dist
amp_main_pipes
asmr_power_distributor
amp_main_dome
em_ascr
ascr_power_catch
ampstat_caproom_floor
amp_cap_door
amp_stairs
amp_pipe
amp_cap
amp_4pipes
tower_a
tower_a_crp
stair_sign_four
spawn_without_matrix
secondary_control_core
secondary_capture
rails_towera
banner_mount
tower_corner_pier
tower_middle_pier
tower_b
tower_b_crp
stair_sign_five
rails_towerb
tower_cornertall_pier
tower_middletall_pier
tower_c
tower_c_crp
tower_middlesmall_pier
tower_cornersmall_pier
tower_c_stairs
rails_towerc
pad_landing_tower_frame
banner_mount_small
bunker_lg
bunker_lg_crp
bunker_sm
bunker_sm_crp
bunker_gauntlet
bunker_guantlet_crp
bridge_start
bridge_start_crp
bridge_mid
bridge_mid_crp
bridge_end
bridge_end_crp
bridge_support_foot
bridge_support_foot_crp
bridge_extend
bridge_extend_crp
domea
wg_arm_piece7
wg_arm_piece6
wg_arm_piece1
wg_arm_piece4
wg_arm_piece5
wg_arm_piece2
wg_arm_piece3
ext_sandbags_b
ext_sandbags_b_crp
ext_sandbags_a
ext_sandbags_a_crp
ext_barrier_heavy
ext_barrier_heavy_crp
ext_barrier_medium
ext_barrier_medium_crp
earthtreec
earthtreec_crp
earthtreee
earthtreee_crp
earthtreed
earthtreed_crp
earthrocka
earthrocka_crp
earthtreea
earthtreea_crp
earthtreef
earthtreef_crp
earthtreeb
earthtreeb_crp
earthrocki
earthrocki_crp
earthrockb
earthrockb_crp
earthrockc
earthrockc_crp
earthrockl
earthrockl_crp
earthrockj
earthrockj_crp
earthrockd
earthrockd_crp
desertrockc
desertrockc_crp
desertrockb
desertrockb_crp
desertrocke
desertrocke_crp
swamptreed
swamptreed_crp
swamptreec
swamptreec_crp
swamptreea
swamptreea_crp
swamptreeb
swamptreeb_crp
ext_barrier_double_2prong
ext_barrier_double_2prong_crp
ext_barrier_2prong
ext_barrier_2prong_crp
ext_barrier_blind
ext_barrier_blind_crp
ext_barrier_double_heavy
ext_barrier_double_heavy_crp
volcanictreea
volcanictreea_crp
hst
