pse_link WG_Esamir_to_NCSanc warpgate_1
pse_link WG_Esamir_to_Searhus warpgate_1
pse_link WG_Esamir_to_VSSanc warpgate_1
pse_link WG_Esamir_to_Oshur warpgate_1
pse_link Andvari comm_station_dsp_1
pse_link Dagur tech_plant_2
pse_link Eisa tech_plant_3
pse_link Freyr amp_station_4
pse_link Gjallar tech_plant_5
pse_link Helhiem tech_plant_4
pse_link Kvasir amp_station_3
pse_link Mani cryo_facility_2
pse_link Nott amp_station_1
pse_link Vidar comm_station_2
pse_link Ymir cryo_facility_3
pse_link Jarl comm_station_4
pse_link Ran cryo_facility_5
pse_link SE_Eisa_Tower tower_a_1
pse_link E_Oshur_Warpgate_Tower tower_a_1
pse_link NE_VSSanc_Warpgate_Tower tower_a_1
pse_link W_Searhus_Warpgate_Tower tower_a_1
pse_link S_Andvari_Tower tower_a_1
pse_link Outpost_Tower tower_a_1
pse_link E_Dagur_Tower tower_c_1
pse_link SE_Dagur_Tower tower_b_1
pse_link W_Vidar_Tower tower_c_1
pse_link SW_Oshur_Warpgate_Tower tower_c_1
pse_link SW_Mani_Tower tower_b_1
pse_link SE_Searhus_Warpgate_Tower tower_c_1
pse_link NW_VSSanc_Warpgate_Tower tower_b_1
pse_link N_Ymir_Tower tower_a_1
pse_link S_Kvasir_Tower tower_a_1
pse_link bunker1 bunker_sm_1
pse_link bunker2 bunker_lg_1
pse_link bunker3 bunker_lg_1
pse_link bunker4 bunker_sm_1
pse_link bunker5 bunker_lg_1
pse_link bunker6 bunker_sm_1
pse_link bunker7 bunker_sm_1
pse_link bunker8 bunker_lg_1
pse_link N_NCSanc_Warpgate_Tower tower_b_1
pse_link bunkerg1 bunker_gauntlet_1
pse_link bunkerg2 bunker_gauntlet_1
pse_link bunkerg3 bunker_gauntlet_1
pse_link bunkerg4 bunker_gauntlet_1
pse_link N_Mani_Tower tower_a_1
pse_link SE_Nott_Tower tower_a_1
pse_link E_Freyr_Tower tower_a_1
pse_link N_Ran_Tower tower_a_1
pse_link E_Helhiem_Tower tower_a_1
pse_link NE_Andvari_Tower tower_c_1
pse_link E_Jarl_Tower tower_a_1
pse_link N_Gjallar_Tower tower_a_1
pse_link S_NCSanc_Tower tower_b_1
