pse_link WG_NCSanc_to_Cyssor warpgate_1
pse_link WG_NCSanc_to_Amerish warpgate_1
pse_link WG_NCSanc_to_Esamir warpgate_1
pse_link Esamir_HART orbital_building_nc_1
pse_link Esamir_Spawn1 VT_building_nc_1
pse_link Esamir_Spawn3 VT_building_nc_1
pse_link Esamir_Spawn2 VT_building_nc_1
pse_link Esamir_Vehicle6 vt_vehicle_1
pse_link Esamir_Vehicle5 vt_vehicle_1
pse_link Esamir_Vehicle4 vt_vehicle_1
pse_link Esamir_Vehicle3 vt_vehicle_1
pse_link Esamir_Vehicle1 vt_vehicle_1
pse_link Esamir_Vehicle2 vt_vehicle_1
pse_link Esamir_Air2 vt_dropship_1
pse_link Esamir_Air4 vt_dropship_1
pse_link Esamir_Air3 vt_dropship_1
pse_link Esamir_Air1 vt_dropship_1
pse_link amerish_spawn2 VT_building_nc_1
pse_link amerish_vehicle1 vt_vehicle_1
pse_link amerish_vehicle6 vt_vehicle_1
pse_link amerish_air1 vt_dropship_1
pse_link amerish_air3 vt_dropship_1
pse_link Amerish_HART orbital_building_nc_1
pse_link amerish_air2 vt_dropship_1
pse_link amerish_air4 vt_dropship_1
pse_link amerish_vehicle5 vt_vehicle_1
pse_link amerish_vehicle4 vt_vehicle_1
pse_link amerish_vehicle3 vt_vehicle_1
pse_link amerish_vehicle2 vt_vehicle_1
pse_link Cyssor_Spawn1 VT_building_nc_1
pse_link Cyssor_Vehicle2 vt_vehicle_1
pse_link Cyssor_Vehicle1 vt_vehicle_1
pse_link Cyssor_Air3 vt_dropship_1
pse_link Cyssor_Air2 vt_dropship_1
pse_link Cyssor_Spawn2 VT_building_nc_1
pse_link Cyssor_Spawn3 VT_building_nc_1
pse_link Cyssor_HART orbital_building_nc_1
pse_link Cyssor_Air1 vt_dropship_1
pse_link Cyssor_Air4 vt_dropship_1
pse_link Cyssor_Vehicle3 vt_vehicle_1
pse_link Cyssor_Vehicle5 vt_vehicle_1
pse_link Cyssor_Vehicle6 vt_vehicle_1
pse_link Cyssor_Vehicle4 vt_vehicle_1
pse_link nc_Far_Esamir_Tower tower_a_1
pse_link nc_N_Esamir_Warpgate_Tower tower_b_1
pse_link nc_W_Esamir_Warpgate_Tower tower_a_1
pse_link nc_SW_Amerish_Warpgate_Tower tower_b_1
pse_link nc_SE_Amerish_Warpgate_Tower tower_a_1
pse_link nc_SE_Cyssor_Warpgate_Tower tower_b_1
pse_link nc_SW_Cyssor_Warpgate_Tower tower_a_1
pse_link nc_Central_Tower tower_c_1
pse_link amerish_spawn3 VT_building_nc_1
pse_link amerish_spawn1 VT_building_nc_1
pse_link nc_Far_Cyssor_Tower tower_a_1
pse_link nc_Far_Amerish_Tower tower_a_1
pse_link nc_Esamir_Outpost_Tower tower_c_1
pse_link nc_Amerish_Outpost_Tower tower_c_1
pse_link nc_Cyssor_Outpost_Tower tower_c_1
pse_link NC_SE_Tport_04 vt_spawn_1
pse_link NC_SE_Tport_03 vt_spawn_1
pse_link NC_SE_Tport_02 vt_spawn_1
pse_link NC_SE_Tport_01 vt_spawn_1
pse_link NC_NE_Tport_01 vt_spawn_1
pse_link NC_NE_Tport_04 vt_spawn_1
pse_link NC_NE_Tport_03 vt_spawn_1
pse_link NC_NE_Tport_02 vt_spawn_1
pse_link NC_NW_Tport_04 vt_spawn_1
pse_link NC_NW_Tport_03 vt_spawn_1
pse_link NC_NW_Tport_02 vt_spawn_1
pse_link NC_NW_Tport_01 vt_spawn_1
