pse_link WG_Ishundar_to_Ceryshen warpgate_1
pse_link WG_Ishundar_to_VSSanc warpgate_1
pse_link WG_Ishundar_to_TRSanc warpgate_1
pse_link WG_Ishundar_to_Searhus warpgate_1
pse_link Akkan comm_station_dsp_2
pse_link Baal tech_plant_4
pse_link Dagon cryo_facility_4
pse_link Enkidu amp_station_2
pse_link Girru tech_plant_5
pse_link Hanish cryo_facility_5
pse_link Irkalla comm_station_3
pse_link Kusag tech_plant_1
pse_link Lahar cryo_facility_1
pse_link Marduk tech_plant_2
pse_link Neti comm_station_4
pse_link Zaqar cryo_facility_2
pse_link S_Marduk_Tower tower_a_1
pse_link W_Neti_Tower tower_a_1
pse_link W_Zaqar_Tower tower_a_1
pse_link E_Zaqar_Tower tower_c_1
pse_link NE_Neti_Tower tower_b_1
pse_link SE_Ceryshen_Warpgate_Tower tower_b_1
pse_link S_Kusag_Tower tower_a_1
pse_link NW_Kusag_Tower tower_b_1
pse_link N_Ceryshen_Warpgate_Tower tower_b_1
pse_link SE_Irkalla_Tower tower_a_1
pse_link S_Irkalla_Tower tower_b_1
pse_link NE_Enkidu_Tower tower_b_1
pse_link SE_Akkan_Tower tower_a_1
pse_link SW_Enkidu_Tower tower_c_1
pse_link E_Searhus_Warpgate_Tower tower_b_1
pse_link N_Searhus_Warpgate_Tower tower_b_1
pse_link E_Girru_Tower tower_a_1
pse_link SE_Hanish_Tower tower_a_1
pse_link SW_Hanish_Tower tower_b_1
pse_link W_Girru_Tower tower_c_1
pse_link E_Dagon_Tower tower_a_1
pse_link NE_Baal_Tower tower_a_1
pse_link SE_Baal_Tower tower_b_1
pse_link S_Dagon_Tower tower_c_1
pse_link W_Ceryshen_Warpgate_Tower tower_c_1
pse_link bunker_lg_42 bunker_lg_1
pse_link bunker_lg_43 bunker_lg_1
pse_link bunker_sm_44 bunker_sm_1
pse_link bunker_lg_45 bunker_lg_1
pse_link bunker_sm_46 bunker_sm_1
pse_link bunker_sm_47 bunker_sm_1
pse_link bunker_lg_48 bunker_lg_1
pse_link bunker_sm_49 bunker_sm_1
pse_link bunker_gauntlet_50 bunker_gauntlet_1
pse_link bunker_gauntlet_51 bunker_gauntlet_1
pse_link bunker_gauntlet_52 bunker_gauntlet_1
pse_link bunker_gauntlet_53 bunker_gauntlet_1
pse_link bunker_gauntlet_54 bunker_gauntlet_1
pse_link Irkalla_Tower tower_c_1
pse_link Hanish_Tower tower_c_1
pse_link E_Ceryshen_Warpgate_Tower tower_c_1
pse_link Lahar_Tower tower_a_1
pse_link VSSanc_Warpgate_Tower tower_b_1
pse_link Akkan_Tower tower_c_1
pse_link TRSanc_Warpgate_Tower tower_c_1
pse_link Marduk_Tower tower_c_1
pse_link NW_Dagon_Tower tower_c_1
pse_link Dagon_Tower bunker_sm_1
pse_link W_Hanish_Tower tower_a_1
