pse_link Charlie_Middle tower_a_1
pse_link Charlie_Top tower_c_1
pse_link Alpha_Top tower_c_1
pse_link Alpha_Middle tower_a_1
pse_link Bravo_Top tower_c_1
pse_link Bravo_Middle tower_a_1
pse_link Base_Alpha comm_station_6
pse_link Base_Bravo cryo_facility_6
pse_link Charlie_Bottom tower_c_1
pse_link Charlie_Gate_Tower tower_b_1
pse_link Bravo_Gate_Tower tower_b_1
pse_link Bravo_Bottom tower_c_1
pse_link Alpha_Gate_Tower tower_b_1
pse_link Alpha_Bottom tower_c_1
pse_link bunker_gauntlet_15 bunker_gauntlet_1
pse_link bunker_gauntlet_16 bunker_gauntlet_1
pse_link bunker_gauntlet_17 bunker_gauntlet_1
pse_link bunker_lg_18 bunker_lg_1
pse_link bunker_sm_19 bunker_sm_1
pse_link bunker_lg_20 bunker_lg_1
pse_link bunker_sm_21 bunker_sm_1
pse_link bunker_lg_22 bunker_lg_1
pse_link bunker_sm_23 bunker_sm_1
pse_link bunker_sm_24 bunker_sm_1
pse_link bunker_sm_25 bunker_sm_1
pse_link bunker_sm_26 bunker_sm_1
pse_link bunker_sm_27 bunker_sm_1
pse_link bunker_sm_28 bunker_sm_1
pse_link bunker_sm_29 bunker_sm_1
pse_link bunker_lg_30 bunker_lg_1
pse_link bunker_lg_31 bunker_lg_1
pse_link bunker_lg_32 bunker_lg_1
pse_link bunker_lg_33 bunker_lg_1
pse_link bunker_lg_34 bunker_lg_1
pse_link bunker_lg_35 bunker_lg_1
pse_link bunker_sm_36 bunker_sm_1
pse_link bunker_sm_37 bunker_sm_1
pse_link bunker_sm_38 bunker_sm_1
pse_link Base_Charlie amp_station_6
